
Owner@DESKTOP-C8S4BG2 MINGW64 ~/es2prova/es2prova/es2prova (master)ter)
$ git init
Reinitialized existing Git repository in C:/Users/Owner/es2prova/es2prova/es2prova/.git/

Owner@DESKTOP-C8S4BG2 MINGW64 ~/es2prova/es2prova/es2prova (master)
$ git add .

Owner@DESKTOP-C8S4BG2 MINGW64 ~/es2prova/es2prova/es2prova (master)
$ git commit -m 'Base do Projeto'
[master fec8efa] Base do Projeto
 2 files changed, 0 insertions(+), 0 deletions(-)
 create mode 100644 app.js
 create mode 100644 file.txt

Owner@DESKTOP-C8S4BG2 MINGW64 ~/es2prova/es2prova/es2prova (master)
$ git remote add origin https://github.com/RichadSkyrrs/es2prova.git
fatal: remote origin already exists.

Owner@DESKTOP-C8S4BG2 MINGW64 ~/es2prova/es2prova/es2prova (master)
$ git remote
origin

Owner@DESKTOP-C8S4BG2 MINGW64 ~/es2prova/es2prova/es2prova (master)
$ gti remote show origin
bash: gti: command not found

Owner@DESKTOP-C8S4BG2 MINGW64 ~/es2prova/es2prova/es2prova (master)
$ git remote show origin
* remote origin
  Fetch URL: https://github.com/RichadSkyrrs/es2prova.git
  Push  URL: https://github.com/RichadSkyrrs/es2prova.git
  HEAD branch: master
  Remote branch:
    master tracked
  Local branch configured for 'git pull':
    master merges with remote master
  Local ref configured for 'git push':
    master pushes to master (fast-forwardable)

Owner@DESKTOP-C8S4BG2 MINGW64 ~/es2prova/es2prova/es2prova (master)
$ git push origin --all
Enumerating objects: 4, done.
Counting objects: 100% (4/4), done.
Delta compression using up to 4 threads
Compressing objects: 100% (2/2), done.
Writing objects: 100% (3/3), 311 bytes | 103.00 KiB/s, done.
Total 3 (delta 0), reused 0 (delta 0)
To https://github.com/RichadSkyrrs/es2prova.git
   3a2ff5a..fec8efa  master -> master

Owner@DESKTOP-C8S4BG2 MINGW64 ~/es2prova/es2prova/es2prova (master)
$ git push origin --all
Everything up-to-date

Owner@DESKTOP-C8S4BG2 MINGW64 ~/es2prova/es2prova/es2prova (master)
$ history -c

Owner@DESKTOP-C8S4BG2 MINGW64 ~/es2prova/es2prova/es2prova (master)
$ git checkout -b feature/client
Switched to a new branch 'feature/client'
M       app.js

Owner@DESKTOP-C8S4BG2 MINGW64 ~/es2prova/es2prova/es2prova (feature/client)
$ ls
app.js  file.txt  README.md

Owner@DESKTOP-C8S4BG2 MINGW64 ~/es2prova/es2prova/es2prova (feature/client)
$ git add .

Owner@DESKTOP-C8S4BG2 MINGW64 ~/es2prova/es2prova/es2prova (feature/client)
$ git status
On branch feature/client
Changes to be committed:
  (use "git restore --staged <file>..." to unstage)
        modified:   app.js
        new file:   client.js


Owner@DESKTOP-C8S4BG2 MINGW64 ~/es2prova/es2prova/es2prova (feature/client)
$ git commit -m 'feature: add client mode'
[feature/client 65f30f1] feature: add client mode
 2 files changed, 8 insertions(+)
 create mode 100644 client.js

Owner@DESKTOP-C8S4BG2 MINGW64 ~/es2prova/es2prova/es2prova (feature/client)
$ git log
commit 65f30f1ffa9c18b95c44fe2fd60b988e7b3d0e42 (HEAD -> feature/client)
Author: Richard Rodrigues da SIlveira <richardsilvaro@yahoo.com.br>
Date:   Mon Apr 13 23:59:22 2020 -0300

    feature: add client mode

commit fec8efa6adc5ddeae5261a97cfbc9589fff32ea2 (origin/master, origin/HEAD, master)
Author: Richard Rodrigues da SIlveira <richardsilvaro@yahoo.com.br>
Date:   Mon Apr 13 22:16:44 2020 -0300

    Base do Projeto

commit 3a2ff5a1a63141fbb96af180eb5e46a7a41d1212
Author: RichadSkyrrs <54366072+RichadSkyrrs@users.noreply.github.com>
Date:   Mon Apr 13 20:55:37 2020 -0300

    Initial commit

Owner@DESKTOP-C8S4BG2 MINGW64 ~/es2prova/es2prova/es2prova (feature/client)
$ git checkout master
Switched to branch 'master'
Your branch is up to date with 'origin/master'.

Owner@DESKTOP-C8S4BG2 MINGW64 ~/es2prova/es2prova/es2prova (master)
$ git checkout feature/client
Switched to branch 'feature/client'

Owner@DESKTOP-C8S4BG2 MINGW64 ~/es2prova/es2prova/es2prova (feature/client)
$ git checkout master
Switched to branch 'master'
Your branch is up to date with 'origin/master'.

Owner@DESKTOP-C8S4BG2 MINGW64 ~/es2prova/es2prova/es2prova (master)
$ git merge feature/client
Updating fec8efa..65f30f1
Fast-forward
 app.js    | 1 +
 client.js | 7 +++++++
 2 files changed, 8 insertions(+)
 create mode 100644 client.js

Owner@DESKTOP-C8S4BG2 MINGW64 ~/es2prova/es2prova/es2prova (master)
$ git push origin --all
Enumerating objects: 6, done.
Counting objects: 100% (6/6), done.
Delta compression using up to 4 threads
Compressing objects: 100% (3/3), done.
Writing objects: 100% (4/4), 474 bytes | 118.00 KiB/s, done.
Total 4 (delta 0), reused 0 (delta 0)
To https://github.com/RichadSkyrrs/es2prova.git
   fec8efa..65f30f1  master -> master
 * [new branch]      feature/client -> feature/client

Owner@DESKTOP-C8S4BG2 MINGW64 ~/es2prova/es2prova/es2prova (master)
$ git -b  checkout/client
unknown option: -b
usage: git [--version] [--help] [-C <path>] [-c <name>=<value>]
           [--exec-path[=<path>]] [--html-path] [--man-path] [--info-path]
           [-p | --paginate | -P | --no-pager] [--no-replace-objects] [--bare]
           [--git-dir=<path>] [--work-tree=<path>] [--namespace=<name>]
           <command> [<args>]

Owner@DESKTOP-C8S4BG2 MINGW64 ~/es2prova/es2prova/es2prova (master)
$ git checkout -b feature/client
fatal: A branch named 'feature/client' already exists.

Owner@DESKTOP-C8S4BG2 MINGW64 ~/es2prova/es2prova/es2prova (master)
$ git checkou feature/client
git: 'checkou' is not a git command. See 'git --help'.

The most similar command is
        checkout

Owner@DESKTOP-C8S4BG2 MINGW64 ~/es2prova/es2prova/es2prova (master)
$ git checkout feature/client
Switched to branch 'feature/client'

Owner@DESKTOP-C8S4BG2 MINGW64 ~/es2prova/es2prova/es2prova (feature/client)
$ git branch
* feature/client
  master

Owner@DESKTOP-C8S4BG2 MINGW64 ~/es2prova/es2prova/es2prova (feature/client)
$ git add .

Owner@DESKTOP-C8S4BG2 MINGW64 ~/es2prova/es2prova/es2prova (feature/client)
$ git status
On branch feature/client
Changes to be committed:
  (use "git restore --staged <file>..." to unstage)
        new file:   teste.js


Owner@DESKTOP-C8S4BG2 MINGW64 ~/es2prova/es2prova/es2prova (feature/client)
$ git push origin --all
Everything up-to-date

Owner@DESKTOP-C8S4BG2 MINGW64 ~/es2prova/es2prova/es2prova (feature/client)
$ git commit -m 'feature: novo teste'
[feature/client 5ed36df] feature: novo teste
 1 file changed, 7 insertions(+)
 create mode 100644 teste.js

Owner@DESKTOP-C8S4BG2 MINGW64 ~/es2prova/es2prova/es2prova (feature/client)
$ git push origin --all
Enumerating objects: 4, done.
Counting objects: 100% (4/4), done.
Delta compression using up to 4 threads
Compressing objects: 100% (3/3), done.
Writing objects: 100% (3/3), 374 bytes | 124.00 KiB/s, done.
Total 3 (delta 1), reused 0 (delta 0)
remote: Resolving deltas: 100% (1/1), completed with 1 local object.
To https://github.com/RichadSkyrrs/es2prova.git
   65f30f1..5ed36df  feature/client -> feature/client

Owner@DESKTOP-C8S4BG2 MINGW64 ~/es2prova/es2prova/es2prova (feature/client)
$ git checkout master
Switched to branch 'master'
Your branch is up to date with 'origin/master'.

Owner@DESKTOP-C8S4BG2 MINGW64 ~/es2prova/es2prova/es2prova (master)
$ git merge feature/cliente
merge: feature/cliente - not something we can merge

Owner@DESKTOP-C8S4BG2 MINGW64 ~/es2prova/es2prova/es2prova (master)
$ git merge feature/client
Updating 65f30f1..5ed36df
Fast-forward
 teste.js | 7 +++++++
 1 file changed, 7 insertions(+)
 create mode 100644 teste.js

Owner@DESKTOP-C8S4BG2 MINGW64 ~/es2prova/es2prova/es2prova (master)
$ git push origin --all
Total 0 (delta 0), reused 0 (delta 0)
To https://github.com/RichadSkyrrs/es2prova.git
   65f30f1..5ed36df  master -> master

Owner@DESKTOP-C8S4BG2 MINGW64 ~/es2prova/es2prova/es2prova (master)
$